node : FAIL 
tests/unit/auth/token.service.test.js
At line:1 char:1
+ node 
apps/api/node_modules/jest/bin/jest.js 
--config jest.config.js - ...
+ ~~~~~~~~~~~~~~~~~~~~~~~~~~~~~~~~~~~~~~~~
~~~~~~~~~~~~~~~~~~~~~~~~~~~~~
    + CategoryInfo          : NotSpecifie 
   d: (FAIL tests/unit...service.test.js  
  :String) [], RemoteException
    + FullyQualifiedErrorId : NativeComma 
   ndError
 
  token.service
    generateToken()
      ΓêÜ should return a string token (4 
ms)
      ΓêÜ should embed user_id, email, 
role in payload (1 ms)
      ΓêÜ should set issuer and audience 
claims
      ΓêÜ should set expiry (~1 hour from 
now) (1 ms)
      ΓêÜ should accept user_id or id 
field
      ΓêÜ should throw if JWT_SECRET is 
missing (7 ms)
    verifyToken()
      ΓêÜ should return decoded payload 
for a valid token (1 ms)
      ΓêÜ should throw JsonWebTokenError 
for an invalid token (1 ms)
      ├ù should throw TokenExpiredError 
for an expired token (11 ms)
      ├ù should throw for a token signed 
with wrong secret (1 ms)
      ΓêÜ should throw if JWT_SECRET is 
missing (1 ms)
    decodeToken()
      ΓêÜ should decode without 
verification
      ΓêÜ should return null for 
completely invalid token (1 ms)

  ΓùÅ token.service ΓÇ║ verifyToken() ΓÇ║ 
should throw TokenExpiredError for an 
expired token

    Cannot find module 'jsonwebtoken' 
from 
'tests/unit/auth/token.service.test.js'

    [0m [90m 72 |[39m     
it([32m'should throw TokenExpiredError 
for an expired token'[39m[33m,[39m () 
[33m=>[39m {
     [90m 73 |[39m       [90m// 
Generate token with -1s expiry (already 
expired)[39m
    [31m[1m>[22m[39m[90m 74 |[39m   
    [36mconst[39m jwt [33m=[39m requir
e([32m'jsonwebtoken'[39m)[33m;[39m
     [90m    |[39m                   
[31m[1m^[22m[39m
     [90m 75 |[39m       
[36mconst[39m expired [33m=[39m 
jwt[33m.[39msign(
     [90m 76 |[39m         { 
user_id[33m:[39m 
[32m'x'[39m[33m,[39m email[33m:[39m 
[32m'x@x.com'[39m[33m,[39m 
role[33m:[39m [32m'viewer'[39m 
}[33m,[39m
     [90m 77 |[39m         process[33m.
[39menv[33m.[39m[33mJWT_SECRET[39m[3
3m,[39m[0m

      at Resolver._throwModNotFoundError (
apps/api/node_modules/jest-resolve/build/r
esolver.js:427:11)
      at Object.require (tests/unit/auth/t
oken.service.test.js:74:19)

  ΓùÅ token.service ΓÇ║ verifyToken() ΓÇ║ 
should throw for a token signed with 
wrong secret

    Cannot find module 'jsonwebtoken' 
from 
'tests/unit/auth/token.service.test.js'

    [0m [90m 82 |[39m
     [90m 83 |[39m     it([32m'should 
throw for a token signed with wrong 
secret'[39m[33m,[39m () [33m=>[39m {
    [31m[1m>[22m[39m[90m 84 |[39m   
    [36mconst[39m jwt [33m=[39m requir
e([32m'jsonwebtoken'[39m)[33m;[39m
     [90m    |[39m                   
[31m[1m^[22m[39m
     [90m 85 |[39m       
[36mconst[39m wrongToken [33m=[39m 
jwt[33m.[39msign({ user_id[33m:[39m 
[32m'x'[39m }[33m,[39m [32m'wrong-sec
ret-12345678901234567890'[39m)[33m;[39m
     [90m 86 |[39m       expect(() 
[33m=>[39m verifyToken(wrongToken))[33m
.[39mtoThrow()[33m;[39m
     [90m 87 |[39m     })[33m;[39m[0m

      at Resolver._throwModNotFoundError (
apps/api/node_modules/jest-resolve/build/r
esolver.js:427:11)
      at Object.require (tests/unit/auth/t
oken.service.test.js:84:19)

PASS tests/unit/auth/auth.service.test.js
  authService.register()
    ΓêÜ should register a new user and 
return access_token (3 ms)
    ΓêÜ should throw 409 if email already 
exists (1 ms)
    ΓêÜ should throw ZodError for invalid 
email (11 ms)
    ΓêÜ should throw ZodError for short 
password (1 ms)
    ΓêÜ should default role to viewer
    ΓêÜ should cache role in Redis after 
registration (1 ms)
  authService.login()
    ΓêÜ should return access_token for 
valid credentials (1 ms)
    ΓêÜ should throw 401 if user not found
    ΓêÜ should throw 401 if password is 
wrong
    ΓêÜ should throw 403 if user is 
inactive
    ΓêÜ should cache role in Redis on 
successful login
  authService.getProfile()
    ΓêÜ should return user profile (1 ms)
    ΓêÜ should throw 404 if user not found
    ΓêÜ should refresh Redis cache on 
cache miss

Test Suites: 1 failed, 1 passed, 2 total
Tests:       2 failed, 25 passed, 27 total
Snapshots:   0 total
Time:        0.505 s, estimated 1 s
Ran all test suites matching 
/tests\\unit/i.
Force exiting Jest: Have you considered 
using `--detectOpenHandles` to detect 
async operations that kept running after 
all tests finished?
